---
source: src/parser/tests/unary.rs
expression: "Snapshot((input, math))"
---
abs(x) floor(x) norm x

Interm {
  IntermExpr {
    Absolute(
      OpenParen
        Interm {
          IntermExpr {
            Variable("x")
          }
        }
      CloseParen
    )
  }
}

Interm {
  IntermExpr {
    Floor(
      OpenParen
        Interm {
          IntermExpr {
            Variable("x")
          }
        }
      CloseParen
    )
  }
}

Interm {
  IntermExpr {
    Norm(
      Variable("x")
    )
  }
}


