---
source: src/parser/tests/sub_sup_scripts.rs
expression: "Snapshot((input, math))"
---
lim_(N->oo) sum_(i=0)^N

Expression {
| Function(Lim)
| | sub:
| | | OpenParen
| | | | Expression {
| | | | | Variable("N")
| | | | }
| | | | 
| | | | Expression {
| | | | | Arrow(Right)
| | | | }
| | | | 
| | | | Expression {
| | | | | Other(Infinity)
| | | | }
| | | |
| | | CloseParen
}

Expression {
| Operator(Sum)
| | sub:
| | | OpenParen
| | | | Expression {
| | | | | Variable("i")
| | | | }
| | | | 
| | | | Expression {
| | | | | Relation(Eq)
| | | | }
| | | | 
| | | | Expression {
| | | | | Number("0")
| | | | }
| | | |
| | | CloseParen
| | sup:
| | | Variable("N")
}


