---
source: tests/mod.rs
expression: snap
---
ubrace(1+2+3+4)_("4 terms")

<math>
  <munder>
    <munder>
      <mrow>
        <mn>
          1
        </mn>
        <mo>
          +
        </mo>
        <mn>
          2
        </mn>
        <mo>
          +
        </mo>
        <mn>
          3
        </mn>
        <mo>
          +
        </mo>
        <mn>
          4
        </mn>
      </mrow>
      <mo>
        ⏟
      </mo>
    </munder>
    <mtext>
      4 terms
    </mtext>
  </munder>
</math>

