---
source: tests/mod.rs
expression: snap
---
f'(x) = dy/dx

<math>
  <mi>
    f
  </mi>
  <mo>
    '
  </mo>
  <mrow>
    <mo>
      (
    </mo>
    <mi>
      x
    </mi>
    <mo>
      )
    </mo>
  </mrow>
  <mo>
    =
  </mo>
  <mfrac>
    <mi>
      dy
    </mi>
    <mi>
      dx
    </mi>
  </mfrac>
</math>

